Java HotSpot(TM) 64-Bit Server VM (25.202-b08) for windows-amd64 JRE (1.8.0_202-b08), built on Dec 15 2018 19:54:30 by "java_re" with MS VC++ 10.0 (VS2010)
<<<<<<< HEAD
Memory: 4k page, physical 4072680k(339652k free), swap 9577704k(3537860k free)
CommandLine flags: -XX:-BytecodeVerificationLocal -XX:-BytecodeVerificationRemote -XX:+HeapDumpOnOutOfMemoryError -XX:HeapDumpPath=C:/dump/dump2.hprof -XX:InitialHeapSize=65162880 -XX:MaxHeapSize=1042606080 -XX:+PrintGC -XX:+PrintGCDetails -XX:+PrintGCTimeStamps -XX:+UseCompressedClassPointers -XX:+UseCompressedOops -XX:-UseLargePagesIndividualAllocation -XX:+UseParallelGC 
3.343: [GC (Allocation Failure) [PSYoungGen: 16384K->1544K(18944K)] 16384K->1552K(62976K), 0.0045850 secs] [Times: user=0.00 sys=0.00, real=0.01 secs] 
3.388: [GC (Allocation Failure) [PSYoungGen: 17928K->1856K(18944K)] 17936K->1872K(62976K), 0.0021005 secs] [Times: user=0.00 sys=0.00, real=0.00 secs] 
3.407: [GC (Allocation Failure) [PSYoungGen: 18240K->1944K(18944K)] 18256K->1960K(62976K), 0.0031411 secs] [Times: user=0.00 sys=0.00, real=0.00 secs] 
3.432: [GC (Allocation Failure) [PSYoungGen: 18328K->2184K(35328K)] 18344K->2208K(79360K), 0.0027514 secs] [Times: user=0.00 sys=0.00, real=0.00 secs] 
3.470: [GC (Allocation Failure) [PSYoungGen: 34952K->2528K(35328K)] 34976K->2656K(79360K), 0.0033344 secs] [Times: user=0.00 sys=0.00, real=0.00 secs] 
3.514: [GC (Allocation Failure) [PSYoungGen: 35296K->2952K(68096K)] 35424K->3080K(112128K), 0.0097242 secs] [Times: user=0.05 sys=0.00, real=0.01 secs] 
3.599: [GC (Allocation Failure) [PSYoungGen: 67976K->2176K(68608K)] 68104K->3944K(112640K), 0.0061836 secs] [Times: user=0.06 sys=0.00, real=0.01 secs] 
3.662: [GC (Allocation Failure) [PSYoungGen: 67200K->2720K(132608K)] 68968K->4896K(176640K), 0.0044475 secs] [Times: user=0.05 sys=0.02, real=0.00 secs] 
3.801: [GC (Allocation Failure) [PSYoungGen: 132256K->3552K(133120K)] 134432K->6544K(177152K), 0.0063147 secs] [Times: user=0.06 sys=0.00, real=0.01 secs] 
3.889: [GC (Allocation Failure) [PSYoungGen: 133088K->3808K(210944K)] 136080K->8440K(254976K), 0.0071317 secs] [Times: user=0.00 sys=0.00, real=0.01 secs] 
4.058: [GC (Allocation Failure) [PSYoungGen: 210656K->2624K(211456K)] 215288K->11024K(255488K), 0.0198430 secs] [Times: user=0.03 sys=0.00, real=0.02 secs] 
4.319: [GC (Allocation Failure) [PSYoungGen: 209472K->3616K(335360K)] 217872K->14624K(379392K), 0.0287033 secs] [Times: user=0.02 sys=0.02, real=0.03 secs] 
4.987: [GC (Allocation Failure) [PSYoungGen: 334368K->4594K(335360K)] 345376K->20866K(379392K), 0.1228938 secs] [Times: user=0.14 sys=0.27, real=0.12 secs] 
5.666: [GC (Allocation Failure) [PSYoungGen: 335346K->4597K(325120K)] 351618K->28134K(369152K), 0.0997942 secs] [Times: user=0.06 sys=0.11, real=0.10 secs] 
6.842: [GC (Allocation Failure) [PSYoungGen: 325109K->7328K(328192K)] 348646K->35209K(372224K), 0.0181967 secs] [Times: user=0.05 sys=0.00, real=0.02 secs] 
7.022: [GC (Allocation Failure) [PSYoungGen: 327840K->7505K(328704K)] 355721K->42233K(372736K), 0.0139520 secs] [Times: user=0.00 sys=0.00, real=0.01 secs] 
7.180: [GC (Allocation Failure) [PSYoungGen: 325969K->6848K(325632K)] 360697K->49057K(369664K), 0.0150315 secs] [Times: user=0.06 sys=0.00, real=0.01 secs] 
7.195: [Full GC (Ergonomics) [PSYoungGen: 6848K->4225K(325632K)] [ParOldGen: 42209K->43885K(75776K)] 49057K->48110K(401408K), [Metaspace: 5646K->5646K(1056768K)], 0.4000942 secs] [Times: user=1.13 sys=0.09, real=0.40 secs] 
7.785: [GC (Allocation Failure) [PSYoungGen: 322689K->7721K(327680K)] 366574K->55871K(403456K), 0.0361975 secs] [Times: user=0.08 sys=0.05, real=0.04 secs] 
7.984: [GC (Allocation Failure) [PSYoungGen: 324137K->6816K(328192K)] 372287K->62703K(403968K), 0.0885423 secs] [Times: user=0.16 sys=0.11, real=0.09 secs] 
8.326: [GC (Allocation Failure) [PSYoungGen: 323232K->8190K(327680K)] 379119K->70854K(403456K), 0.0205377 secs] [Times: user=0.06 sys=0.00, real=0.02 secs] 
8.494: [GC (Allocation Failure) [PSYoungGen: 324606K->6784K(328192K)] 387270K->77590K(403968K), 0.0139599 secs] [Times: user=0.03 sys=0.03, real=0.01 secs] 
8.509: [Full GC (Ergonomics) [PSYoungGen: 6784K->89K(328192K)] [ParOldGen: 70806K->75744K(125440K)] 77590K->75833K(453632K), [Metaspace: 5646K->5646K(1056768K)], 0.6940034 secs] [Times: user=1.01 sys=0.94, real=0.69 secs] 
9.877: [GC (Allocation Failure) [PSYoungGen: 316505K->6816K(327168K)] 392249K->82656K(452608K), 0.1345293 secs] [Times: user=0.20 sys=0.20, real=0.14 secs] 
10.202: [GC (Allocation Failure) [PSYoungGen: 323232K->11264K(327680K)] 399072K->89344K(453120K), 0.0234368 secs] [Times: user=0.08 sys=0.00, real=0.02 secs] 
10.369: [GC (Allocation Failure) [PSYoungGen: 327680K->8830K(324608K)] 405760K->98214K(450048K), 0.0241195 secs] [Times: user=0.06 sys=0.00, real=0.02 secs] 
10.557: [GC (Allocation Failure) [PSYoungGen: 321150K->13822K(326144K)] 410534K->104870K(451584K), 0.0472686 secs] [Times: user=0.06 sys=0.03, real=0.05 secs] 
10.895: [GC (Allocation Failure) [PSYoungGen: 326142K->6720K(322048K)] 417190K->111638K(447488K), 0.0970016 secs] [Times: user=0.14 sys=0.20, real=0.10 secs] 
11.266: [GC (Allocation Failure) [PSYoungGen: 314944K->13312K(321536K)] 419862K->118230K(446976K), 0.0367741 secs] [Times: user=0.08 sys=0.00, real=0.04 secs] 
11.484: [GC (Allocation Failure) [PSYoungGen: 321536K->16896K(315904K)] 426454K->124742K(441344K), 0.0263755 secs] [Times: user=0.13 sys=0.00, real=0.03 secs] 
11.644: [GC (Allocation Failure) [PSYoungGen: 315904K->13213K(312320K)] 423750K->134324K(437760K), 0.0262728 secs] [Times: user=0.09 sys=0.03, real=0.03 secs] 
11.671: [Full GC (Ergonomics) [PSYoungGen: 13213K->5467K(312320K)] [ParOldGen: 121110K->125015K(194560K)] 134324K->130483K(506880K), [Metaspace: 5646K->5646K(1056768K)], 1.0439379 secs] [Times: user=2.17 sys=0.84, real=1.05 secs] 
13.609: [GC (Allocation Failure) [PSYoungGen: 304475K->11936K(319488K)] 429491K->136951K(514048K), 0.0860706 secs] [Times: user=0.17 sys=0.05, real=0.09 secs] 
13.893: [GC (Allocation Failure) [PSYoungGen: 310432K->18304K(316928K)] 435447K->143319K(511488K), 0.0248837 secs] [Times: user=0.11 sys=0.00, real=0.03 secs] 
14.074: [GC (Allocation Failure) [PSYoungGen: 316800K->22528K(309248K)] 441815K->149599K(503808K), 0.0335635 secs] [Times: user=0.11 sys=0.00, real=0.03 secs] 
14.239: [GC (Allocation Failure) [PSYoungGen: 309248K->23232K(310272K)] 436319K->155799K(504832K), 0.0378910 secs] [Times: user=0.17 sys=0.00, real=0.04 secs] 
14.412: [GC (Allocation Failure) [PSYoungGen: 309952K->29184K(301568K)] 442519K->161887K(496128K), 0.0381115 secs] [Times: user=0.16 sys=0.00, real=0.04 secs] 
14.573: [GC (Allocation Failure) [PSYoungGen: 301568K->22880K(295424K)] 434271K->167783K(489984K), 0.0503923 secs] [Times: user=0.16 sys=0.00, real=0.05 secs] 
14.767: [GC (Allocation Failure) [PSYoungGen: 295264K->28672K(300032K)] 440167K->173575K(494592K), 0.0366453 secs] [Times: user=0.19 sys=0.00, real=0.04 secs] 
15.233: [GC (Allocation Failure) [PSYoungGen: 293888K->37344K(302592K)] 438791K->221023K(497152K), 0.0843523 secs] [Times: user=0.30 sys=0.02, real=0.08 secs] 
15.317: [Full GC (Ergonomics) [PSYoungGen: 37344K->26567K(302592K)] [ParOldGen: 183679K->194159K(292864K)] 221023K->220726K(595456K), [Metaspace: 5675K->5675K(1056768K)], 0.9630167 secs] [Times: user=2.86 sys=0.06, real=0.96 secs] 
=======
Memory: 4k page, physical 4072680k(639624k free), swap 9577704k(2555096k free)
CommandLine flags: -XX:-BytecodeVerificationLocal -XX:-BytecodeVerificationRemote -XX:CompressedClassSpaceSize=58720256 -XX:InitialHeapSize=134217728 -XX:MaxHeapSize=536870912 -XX:MaxMetaspaceSize=67108864 -XX:MetaspaceSize=67108864 -XX:NewRatio=2 -XX:ParallelGCThreads=4 -XX:+PrintGC -XX:+PrintGCTimeStamps -XX:SurvivorRatio=2 -XX:+UseCompressedClassPointers -XX:+UseCompressedOops -XX:-UseLargePagesIndividualAllocation -XX:+UseParallelGC 
3.318: [GC (Allocation Failure)  22016K->1648K(120320K), 0.0050551 secs]
3.369: [GC (Allocation Failure)  23664K->1928K(120320K), 0.0040756 secs]
3.405: [GC (Allocation Failure)  23944K->2184K(120320K), 0.0035798 secs]
3.436: [GC (Allocation Failure)  24200K->2472K(142336K), 0.0042013 secs]
3.536: [GC (Allocation Failure)  46504K->3080K(142336K), 0.0058385 secs]
3.595: [GC (Allocation Failure)  47112K->3616K(178688K), 0.0051457 secs]
3.708: [GC (Allocation Failure)  91168K->4916K(179200K), 0.0066281 secs]
3.772: [GC (Allocation Failure)  92468K->6052K(257024K), 0.0053250 secs]
3.920: [GC (Allocation Failure)  171428K->8308K(257536K), 0.0118466 secs]
4.056: [GC (Allocation Failure)  173684K->10444K(253440K), 0.0115245 secs]
4.177: [GC (Allocation Failure)  171724K->12548K(255488K), 0.0157557 secs]
4.372: [GC (Allocation Failure)  173828K->15068K(255488K), 0.0051374 secs]
4.537: [GC (Allocation Failure)  176348K->15324K(255488K), 0.0033397 secs]
4.681: [GC (Allocation Failure)  176604K->15476K(255488K), 0.0008137 secs]
4.813: [GC (Allocation Failure)  176756K->15652K(255488K), 0.0007117 secs]
4.972: [GC (Allocation Failure)  176932K->15708K(255488K), 0.0008016 secs]
5.118: [GC (Allocation Failure)  176988K->15788K(255488K), 0.0007948 secs]
5.279: [GC (Allocation Failure)  177068K->15932K(255488K), 0.0007423 secs]
5.417: [GC (Allocation Failure)  177212K->15988K(249344K), 0.0008088 secs]
5.554: [GC (Allocation Failure)  177268K->16292K(254976K), 0.0006970 secs]
5.688: [GC (Allocation Failure)  177572K->16332K(254976K), 0.0007695 secs]
5.822: [GC (Allocation Failure)  177612K->16476K(242688K), 0.0012268 secs]
5.962: [GC (Allocation Failure)  171100K->16484K(241152K), 0.0011747 secs]
6.089: [GC (Allocation Failure)  164452K->16468K(229888K), 0.0013544 secs]
6.206: [GC (Allocation Failure)  158292K->16684K(228864K), 0.0006887 secs]
6.333: [GC (Allocation Failure)  152876K->16612K(218624K), 0.0010029 secs]
6.439: [GC (Allocation Failure)  147172K->16636K(217600K), 0.0005392 secs]
6.540: [GC (Allocation Failure)  142076K->16684K(208384K), 0.0009383 secs]
6.633: [GC (Allocation Failure)  137004K->16676K(207360K), 0.0005494 secs]
6.723: [GC (Allocation Failure)  132388K->16916K(199168K), 0.0010946 secs]
6.812: [GC (Allocation Failure)  128020K->17004K(197632K), 0.0006661 secs]
6.899: [GC (Allocation Failure)  123500K->17052K(190464K), 0.0011063 secs]
6.982: [GC (Allocation Failure)  119452K->17044K(189440K), 0.0006736 secs]
7.077: [GC (Allocation Failure)  115348K->16956K(182784K), 0.0008877 secs]
7.164: [GC (Allocation Failure)  111676K->17252K(181760K), 0.0009232 secs]
7.260: [GC (Allocation Failure)  108388K->16972K(175616K), 0.0008514 secs]
7.368: [GC (Allocation Failure)  104524K->17172K(174592K), 0.0012188 secs]
7.453: [GC (Allocation Failure)  101652K->17108K(169472K), 0.0008224 secs]
7.553: [GC (Allocation Failure)  98516K->17588K(168448K), 0.0013110 secs]
7.649: [GC (Allocation Failure)  95924K->17620K(186880K), 0.0014718 secs]
7.769: [GC (Allocation Failure)  115924K->17612K(182784K), 0.0009417 secs]
7.888: [GC (Allocation Failure)  112332K->17572K(179200K), 0.0017792 secs]
7.991: [GC (Allocation Failure)  108708K->17676K(177152K), 0.0008779 secs]
8.097: [GC (Allocation Failure)  105228K->17748K(173056K), 0.0009760 secs]
8.194: [GC (Allocation Failure)  102228K->17684K(169472K), 0.0008888 secs]
8.288: [GC (Allocation Failure)  99092K->17484K(166400K), 0.0008167 secs]
8.406: [GC (Allocation Failure)  95820K->17732K(164864K), 0.0009379 secs]
8.517: [GC (Allocation Failure)  93508K->17860K(161792K), 0.0009844 secs]
8.595: [GC (Allocation Failure)  91076K->17828K(158720K), 0.0010232 secs]
8.696: [GC (Allocation Failure)  88484K->17724K(156160K), 0.0010531 secs]
8.779: [GC (Allocation Failure)  85820K->17588K(154624K), 0.0005445 secs]
8.848: [GC (Allocation Failure)  83124K->17948K(151552K), 0.0007850 secs]
8.913: [GC (Allocation Failure)  81436K->18084K(150016K), 0.0009020 secs]
8.972: [GC (Allocation Failure)  79438K->18084K(163328K), 0.0008110 secs]
9.042: [GC (Allocation Failure)  92836K->17684K(160256K), 0.0006476 secs]
9.110: [GC (Allocation Failure)  89876K->17876K(157696K), 0.0006713 secs]
9.181: [GC (Allocation Failure)  87508K->18036K(155648K), 0.0006577 secs]
9.244: [GC (Allocation Failure)  85108K->18292K(169472K), 0.0037739 secs]
9.324: [GC (Allocation Failure)  99188K->18292K(185856K), 0.0009802 secs]
9.521: [GC (Allocation Failure)  115572K->18220K(181760K), 0.0011263 secs]
9.634: [GC (Allocation Failure)  111916K->18388K(178688K), 0.0011913 secs]
9.749: [GC (Allocation Failure)  108500K->18668K(174592K), 0.0011259 secs]
9.881: [GC (Allocation Failure)  105196K->18708K(172032K), 0.0008345 secs]
9.998: [GC (Allocation Failure)  102164K->18924K(168448K), 0.0010353 secs]
10.116: [GC (Allocation Failure)  99308K->19012K(165888K), 0.0008273 secs]
10.224: [GC (Allocation Failure)  96324K->19052K(162816K), 0.0008669 secs]
10.325: [GC (Allocation Failure)  93804K->19212K(160768K), 0.0008288 secs]
10.426: [GC (Allocation Failure)  91404K->19212K(157696K), 0.0008227 secs]
10.545: [GC (Allocation Failure)  88844K->19396K(155648K), 0.0007737 secs]
10.644: [GC (Allocation Failure)  86468K->19572K(153088K), 0.0009583 secs]
10.749: [GC (Allocation Failure)  84596K->19548K(151552K), 0.0008499 secs]
10.864: [GC (Allocation Failure)  82524K->19740K(148992K), 0.0009583 secs]
10.976: [GC (Allocation Failure)  80668K->19628K(147456K), 0.0006445 secs]
11.096: [GC (Allocation Failure)  78508K->19876K(144896K), 0.0008794 secs]
11.224: [GC (Allocation Failure)  76708K->19700K(143360K), 0.0006238 secs]
11.306: [GC (Allocation Failure)  74484K->19892K(141312K), 0.0006604 secs]
11.382: [GC (Allocation Failure)  73140K->20012K(140288K), 0.0006823 secs]
11.456: [GC (Allocation Failure)  71724K->20164K(138240K), 0.0007431 secs]
11.551: [GC (Allocation Failure)  70340K->19948K(137216K), 0.0005313 secs]
11.624: [GC (Allocation Failure)  68588K->19964K(135168K), 0.0006038 secs]
11.695: [GC (Allocation Failure)  67068K->20172K(134144K), 0.0006290 secs]
11.762: [GC (Allocation Failure)  65740K->20284K(132096K), 0.0007774 secs]
11.833: [GC (Allocation Failure)  64316K->20332K(131584K), 0.0008590 secs]
11.939: [GC (Allocation Failure)  63340K->20148K(130048K), 0.0006846 secs]
12.042: [GC (Allocation Failure)  62132K->20412K(211968K), 0.0008069 secs]
12.306: [GC (Allocation Failure)  143804K->20452K(206336K), 0.0008843 secs]
12.581: [GC (Allocation Failure)  138724K->20532K(202240K), 0.0032827 secs]
12.829: [GC (Allocation Failure)  134196K->20588K(197120K), 0.0009598 secs]
13.056: [GC (Allocation Failure)  129644K->20604K(193024K), 0.0006113 secs]
13.222: [GC (Allocation Failure)  125564K->20612K(188928K), 0.0005966 secs]
13.384: [GC (Allocation Failure)  121476K->20868K(184832K), 0.0007567 secs]
13.537: [GC (Allocation Failure)  117636K->20836K(181248K), 0.0007170 secs]
13.715: [GC (Allocation Failure)  114020K->20868K(177664K), 0.0006347 secs]
13.856: [GC (Allocation Failure)  110468K->20996K(174080K), 0.0007223 secs]
13.996: [GC (Allocation Failure)  107012K->21212K(171008K), 0.0008684 secs]
14.128: [GC (Allocation Failure)  104156K->21148K(167936K), 0.0007888 secs]
14.256: [GC (Allocation Failure)  101020K->21276K(164864K), 0.0007548 secs]
14.380: [GC (Allocation Failure)  98076K->21404K(162304K), 0.0008990 secs]
14.503: [GC (Allocation Failure)  95644K->21132K(160256K), 0.0005588 secs]
14.620: [GC (Allocation Failure)  92812K->21452K(157184K), 0.0008035 secs]
14.749: [GC (Allocation Failure)  90572K->21572K(155136K), 0.0007597 secs]
14.861: [GC (Allocation Failure)  88132K->21556K(152576K), 0.0007310 secs]
14.971: [GC (Allocation Failure)  86068K->21508K(151040K), 0.0005732 secs]
15.076: [GC (Allocation Failure)  83972K->21748K(148480K), 0.0007963 secs]
15.178: [GC (Allocation Failure)  82164K->21732K(146944K), 0.0006653 secs]
15.281: [GC (Allocation Failure)  80100K->21812K(144384K), 0.0007325 secs]
15.378: [GC (Allocation Failure)  78132K->21500K(143360K), 0.0006068 secs]
15.482: [GC (Allocation Failure)  76284K->21708K(141312K), 0.0008205 secs]
15.586: [GC (Allocation Failure)  74956K->21908K(140288K), 0.0006793 secs]
15.695: [GC (Allocation Failure)  73620K->21804K(138240K), 0.0013702 secs]
15.803: [GC (Allocation Failure)  71980K->21940K(137216K), 0.0007000 secs]
15.901: [GC (Allocation Failure)  70580K->22268K(135680K), 0.0008065 secs]
15.993: [GC (Allocation Failure)  69372K->22148K(133632K), 0.0007582 secs]
16.083: [GC (Allocation Failure)  67716K->22316K(132608K), 0.0008975 secs]
16.169: [GC (Allocation Failure)  66348K->22324K(131072K), 0.0008850 secs]
16.255: [GC (Allocation Failure)  65332K->22388K(130560K), 0.0009587 secs]
16.340: [GC (Allocation Failure)  64372K->22172K(206336K), 0.0006596 secs]
16.575: [GC (Allocation Failure)  140444K->22372K(201728K), 0.0007635 secs]
16.817: [GC (Allocation Failure)  136036K->22500K(197632K), 0.0008277 secs]
17.035: [GC (Allocation Failure)  131556K->22396K(193024K), 0.0008662 secs]
17.246: [GC (Allocation Failure)  127356K->22388K(189440K), 0.0006102 secs]
17.448: [GC (Allocation Failure)  123252K->22508K(184832K), 0.0008824 secs]
17.757: [GC (Allocation Failure)  119276K->22620K(181760K), 0.0012271 secs]
17.996: [GC (Allocation Failure)  115804K->22388K(177664K), 0.0007767 secs]
18.178: [GC (Allocation Failure)  111988K->22820K(174592K), 0.0007857 secs]
18.352: [GC (Allocation Failure)  108836K->22676K(171008K), 0.0007450 secs]
18.521: [GC (Allocation Failure)  105620K->22660K(168448K), 0.0006019 secs]
18.685: [GC (Allocation Failure)  102532K->22772K(164864K), 0.0006532 secs]
18.855: [GC (Allocation Failure)  99572K->22980K(162816K), 0.0008126 secs]
19.010: [GC (Allocation Failure)  97220K->23124K(160256K), 0.0008367 secs]
19.157: [GC (Allocation Failure)  94804K->22788K(157184K), 0.0006649 secs]
19.300: [GC (Allocation Failure)  91908K->23180K(155136K), 0.0010542 secs]
19.438: [GC (Allocation Failure)  89740K->22868K(152576K), 0.0007023 secs]
19.570: [GC (Allocation Failure)  87380K->23068K(150528K), 0.0008194 secs]
19.698: [GC (Allocation Failure)  85532K->23300K(148992K), 0.0008318 secs]
19.823: [GC (Allocation Failure)  83716K->22948K(146432K), 0.0005520 secs]
19.959: [GC (Allocation Failure)  81316K->23180K(144896K), 0.0006238 secs]
20.077: [GC (Allocation Failure)  79500K->23444K(143360K), 0.0008265 secs]
20.191: [GC (Allocation Failure)  78228K->23452K(141824K), 0.0009828 secs]
20.301: [GC (Allocation Failure)  76700K->23300K(139776K), 0.0006861 secs]
20.408: [GC (Allocation Failure)  75012K->23724K(138752K), 0.0010991 secs]
20.512: [GC (Allocation Failure)  73900K->23284K(136704K), 0.0007680 secs]
20.612: [GC (Allocation Failure)  71924K->23420K(135680K), 0.0006547 secs]
20.709: [GC (Allocation Failure)  70524K->23356K(133632K), 0.0006426 secs]
20.804: [GC (Allocation Failure)  68924K->23876K(132608K), 0.0010568 secs]
20.899: [GC (Allocation Failure)  67908K->23636K(141312K), 0.0020253 secs]
21.026: [GC (Allocation Failure)  76884K->23420K(140288K), 0.0007034 secs]
21.134: [GC (Allocation Failure)  75132K->23652K(138240K), 0.0008601 secs]
21.238: [GC (Allocation Failure)  73828K->23820K(137216K), 0.0008205 secs]
21.340: [GC (Allocation Failure)  72460K->23828K(135168K), 0.0010180 secs]
21.438: [GC (Allocation Failure)  70932K->23740K(134144K), 0.0006921 secs]
21.534: [GC (Allocation Failure)  69308K->23548K(132096K), 0.0006026 secs]
21.627: [GC (Allocation Failure)  67580K->23972K(131584K), 0.0009217 secs]
21.717: [GC (Allocation Failure)  66980K->24044K(130560K), 0.0008458 secs]
21.804: [GC (Allocation Failure)  66028K->23860K(197120K), 0.0008220 secs]
22.055: [GC (Allocation Failure)  132916K->24316K(193536K), 0.0009919 secs]
22.277: [GC (Allocation Failure)  129276K->23748K(188928K), 0.0006306 secs]
22.490: [GC (Allocation Failure)  124612K->23892K(184832K), 0.0006098 secs]
22.694: [GC (Allocation Failure)  120660K->24196K(181760K), 0.0011082 secs]
22.894: [GC (Allocation Failure)  117380K->24444K(178176K), 0.0009481 secs]
23.100: [GC (Allocation Failure)  114044K->24076K(174080K), 0.0008839 secs]
23.283: [GC (Allocation Failure)  110092K->24380K(171520K), 0.0009100 secs]
23.459: [GC (Allocation Failure)  107324K->24652K(168448K), 0.0012192 secs]
23.630: [GC (Allocation Failure)  104524K->24148K(164864K), 0.0005856 secs]
23.800: [GC (Allocation Failure)  100948K->24252K(162816K), 0.0007091 secs]
23.959: [GC (Allocation Failure)  98492K->24708K(160256K), 0.0010214 secs]
24.130: [GC (Allocation Failure)  96388K->24812K(157696K), 0.0010236 secs]
24.278: [GC (Allocation Failure)  93932K->24604K(154624K), 0.0008571 secs]
24.421: [GC (Allocation Failure)  91164K->24316K(153088K), 0.0005686 secs]
24.560: [GC (Allocation Failure)  88828K->24796K(151040K), 0.0009043 secs]
24.694: [GC (Allocation Failure)  87260K->24932K(148992K), 0.0010134 secs]
24.824: [GC (Allocation Failure)  85348K->24388K(146432K), 0.0005343 secs]
24.951: [GC (Allocation Failure)  82756K->24900K(145408K), 0.0009239 secs]
25.073: [GC (Allocation Failure)  81220K->25068K(143360K), 0.0010429 secs]
25.208: [GC (Allocation Failure)  79852K->24452K(141312K), 0.0006521 secs]
25.324: [GC (Allocation Failure)  77700K->24556K(139776K), 0.0007435 secs]
25.435: [GC (Allocation Failure)  76268K->24660K(139264K), 0.0005547 secs]
25.543: [GC (Allocation Failure)  74836K->24860K(136704K), 0.0007839 secs]
25.649: [GC (Allocation Failure)  73500K->25060K(135680K), 0.0007729 secs]
25.749: [GC (Allocation Failure)  72164K->25284K(134144K), 0.0010769 secs]
25.849: [GC (Allocation Failure)  70845K->24908K(133120K), 0.0007208 secs]
25.945: [GC (Allocation Failure)  68940K->25332K(131584K), 0.0009579 secs]
26.039: [GC (Allocation Failure)  68340K->24860K(130048K), 0.0006026 secs]
26.132: [GC (Allocation Failure)  66844K->25172K(138752K), 0.0020533 secs]
26.261: [GC (Allocation Failure)  75860K->25244K(137728K), 0.0007789 secs]
26.368: [GC (Allocation Failure)  74396K->25284K(136192K), 0.0008462 secs]
26.471: [GC (Allocation Failure)  72900K->25484K(134656K), 0.0009791 secs]
26.572: [GC (Allocation Failure)  71564K->25012K(132608K), 0.0005819 secs]
26.669: [GC (Allocation Failure)  69556K->25364K(132096K), 0.0008284 secs]
26.764: [GC (Allocation Failure)  68884K->25524K(131072K), 0.0008798 secs]
26.858: [GC (Allocation Failure)  68020K->25500K(188416K), 0.0008609 secs]
27.078: [GC (Allocation Failure)  125340K->25252K(184320K), 0.0005924 secs]
27.303: [GC (Allocation Failure)  121508K->25204K(181248K), 0.0005214 secs]
27.507: [GC (Allocation Failure)  117876K->25604K(177664K), 0.0007793 secs]
27.703: [GC (Allocation Failure)  114692K->25652K(174592K), 0.0009526 secs]
27.894: [GC (Allocation Failure)  111668K->25860K(171008K), 0.0011275 secs]
28.078: [GC (Allocation Failure)  108804K->25740K(168448K), 0.0008375 secs]
28.269: [GC (Allocation Failure)  105612K->26228K(165376K), 0.0012086 secs]
28.439: [GC (Allocation Failure)  103028K->26236K(162816K), 0.0011641 secs]
28.604: [GC (Allocation Failure)  100476K->26116K(159744K), 0.0009734 secs]
28.763: [GC (Allocation Failure)  97796K->26156K(157696K), 0.0008658 secs]
28.917: [GC (Allocation Failure)  95276K->25940K(154624K), 0.0006781 secs]
29.065: [GC (Allocation Failure)  92500K->26300K(153088K), 0.0009462 secs]
29.209: [GC (Allocation Failure)  90812K->26500K(151040K), 0.0009277 secs]
29.380: [GC (Allocation Failure)  88964K->26380K(148992K), 0.0008805 secs]
29.544: [GC (Allocation Failure)  86796K->26636K(146432K), 0.0011078 secs]
29.679: [GC (Allocation Failure)  85004K->26284K(144384K), 0.0005373 secs]
29.854: [GC (Allocation Failure)  82604K->26772K(143360K), 0.0009251 secs]
30.013: [GC (Allocation Failure)  81556K->26540K(141312K), 0.0008767 secs]
30.158: [GC (Allocation Failure)  79788K->26580K(139776K), 0.0008152 secs]
30.296: [GC (Allocation Failure)  78292K->26876K(138752K), 0.0007865 secs]
30.426: [GC (Allocation Failure)  77052K->26468K(136704K), 0.0005550 secs]
30.537: [GC (Allocation Failure)  75108K->27012K(135680K), 0.0010259 secs]
30.643: [GC (Allocation Failure)  74116K->26948K(134144K), 0.0007963 secs]
30.746: [GC (Allocation Failure)  72516K->27172K(132608K), 0.0010568 secs]
30.847: [GC (Allocation Failure)  71204K->26828K(131072K), 0.0006306 secs]
30.946: [GC (Allocation Failure)  69836K->27060K(130560K), 0.0008194 secs]
31.041: [GC (Allocation Failure)  68932K->27092K(183296K), 0.0008265 secs]
31.270: [GC (Allocation Failure)  121812K->26844K(179200K), 0.0006181 secs]
31.496: [GC (Allocation Failure)  117980K->27244K(176128K), 0.0008394 secs]
31.695: [GC (Allocation Failure)  114796K->27412K(173056K), 0.0009791 secs]
31.893: [GC (Allocation Failure)  111892K->27228K(169472K), 0.0007740 secs]
32.077: [GC (Allocation Failure)  108636K->27396K(166912K), 0.0008907 secs]
32.257: [GC (Allocation Failure)  105732K->27276K(163840K), 0.0008503 secs]
32.446: [GC (Allocation Failure)  103052K->27156K(161792K), 0.0006657 secs]
32.612: [GC (Allocation Failure)  100372K->27100K(158720K), 0.0005777 secs]
32.775: [GC (Allocation Failure)  97756K->27236K(156672K), 0.0005898 secs]
32.932: [GC (Allocation Failure)  95332K->27308K(153600K), 0.0008571 secs]
33.082: [GC (Allocation Failure)  92844K->27532K(152064K), 0.0008288 secs]
33.227: [GC (Allocation Failure)  91020K->27636K(150016K), 0.0007876 secs]
33.368: [GC (Allocation Failure)  89076K->27388K(147456K), 0.0007219 secs]
33.518: [GC (Allocation Failure)  86780K->27892K(145920K), 0.0011705 secs]
33.654: [GC (Allocation Failure)  85236K->27356K(143360K), 0.0007276 secs]
33.781: [GC (Allocation Failure)  82652K->27492K(141824K), 0.0008005 secs]
33.907: [GC (Allocation Failure)  81195K->27756K(140800K), 0.0009383 secs]
34.026: [GC (Allocation Failure)  79980K->27604K(138752K), 0.0007801 secs]
34.143: [GC (Allocation Failure)  78292K->27612K(137728K), 0.0008329 secs]
34.256: [GC (Allocation Failure)  76764K->28004K(136192K), 0.0008911 secs]
34.367: [GC (Allocation Failure)  75620K->27908K(134656K), 0.0008624 secs]
34.473: [GC (Allocation Failure)  73988K->27916K(132608K), 0.0007484 secs]
34.590: [GC (Allocation Failure)  72460K->28364K(132096K), 0.0010984 secs]
34.691: [GC (Allocation Failure)  71884K->27884K(130560K), 0.0007442 secs]
34.792: [GC (Allocation Failure)  70323K->28084K(177664K), 0.0008952 secs]
35.002: [GC (Allocation Failure)  117172K->28532K(174592K), 0.0012947 secs]
35.203: [GC (Allocation Failure)  114548K->27812K(171008K), 0.0006468 secs]
35.413: [GC (Allocation Failure)  110756K->28300K(168448K), 0.0015960 secs]
35.619: [GC (Allocation Failure)  108172K->27988K(164864K), 0.0006551 secs]
35.801: [GC (Allocation Failure)  104788K->28188K(162304K), 0.0008654 secs]
35.976: [GC (Allocation Failure)  102428K->28644K(160256K), 0.0011977 secs]
36.144: [GC (Allocation Failure)  100324K->28332K(157696K), 0.0007869 secs]
36.305: [GC (Allocation Failure)  97452K->28372K(155136K), 0.0008533 secs]
36.461: [GC (Allocation Failure)  94932K->28508K(152576K), 0.0009685 secs]
36.629: [GC (Allocation Failure)  93020K->28876K(151040K), 0.0013502 secs]
36.775: [GC (Allocation Failure)  91340K->28916K(148992K), 0.0010852 secs]
36.919: [GC (Allocation Failure)  89332K->28796K(146944K), 0.0009961 secs]
37.055: [GC (Allocation Failure)  87164K->28580K(144384K), 0.0009194 secs]
37.187: [GC (Allocation Failure)  84900K->29164K(143872K), 0.0011516 secs]
37.318: [GC (Allocation Failure)  83948K->29140K(141824K), 0.0011580 secs]
37.445: [GC (Allocation Failure)  82388K->28596K(139776K), 0.0007151 secs]
37.567: [GC (Allocation Failure)  80308K->28436K(138240K), 0.0006778 secs]
37.700: [GC (Allocation Failure)  78612K->28636K(137728K), 0.0007635 secs]
37.814: [GC (Allocation Failure)  77276K->28796K(135168K), 0.0008586 secs]
37.926: [GC (Allocation Failure)  75900K->28932K(134656K), 0.0008741 secs]
38.033: [GC (Allocation Failure)  74500K->29292K(132608K), 0.0010969 secs]
38.137: [GC (Allocation Failure)  73324K->29236K(131584K), 0.0010482 secs]
38.241: [GC (Allocation Failure)  72244K->29148K(130560K), 0.0010338 secs]
38.340: [GC (Allocation Failure)  71132K->29084K(129536K), 0.0009583 secs]
38.438: [GC (Allocation Failure)  70044K->28884K(165376K), 0.0008862 secs]
38.620: [GC (Allocation Failure)  106196K->28948K(163840K), 0.0006358 secs]
38.813: [GC (Allocation Failure)  103700K->29716K(161280K), 0.0014971 secs]
38.987: [GC (Allocation Failure)  101908K->29620K(158208K), 0.0011256 secs]
39.153: [GC (Allocation Failure)  99252K->29420K(155136K), 0.0011860 secs]
39.314: [GC (Allocation Failure)  96492K->29156K(154112K), 0.0007725 secs]
39.469: [GC (Allocation Failure)  94180K->29436K(151040K), 0.0008462 secs]
39.618: [GC (Allocation Failure)  92412K->30012K(150016K), 0.0011882 secs]
39.775: [GC (Allocation Failure)  90940K->29884K(147456K), 0.0010855 secs]
39.917: [GC (Allocation Failure)  88764K->30044K(145408K), 0.0012690 secs]
40.053: [GC (Allocation Failure)  86876K->29628K(142848K), 0.0009353 secs]
40.184: [GC (Allocation Failure)  84412K->29660K(142336K), 0.0008231 secs]
40.314: [GC (Allocation Failure)  82908K->29492K(139776K), 0.0007280 secs]
40.437: [GC (Allocation Failure)  81204K->29716K(139264K), 0.0009036 secs]
40.557: [GC (Allocation Failure)  79892K->30188K(137216K), 0.0012320 secs]
40.673: [GC (Allocation Failure)  78828K->30252K(135680K), 0.0013083 secs]
40.788: [GC (Allocation Failure)  77356K->30204K(134144K), 0.0019124 secs]
40.909: [GC (Allocation Failure)  75772K->29980K(132608K), 0.0009609 secs]
41.015: [GC (Allocation Failure)  74012K->29524K(131072K), 0.0006634 secs]
41.119: [GC (Allocation Failure)  72532K->30324K(131072K), 0.0011916 secs]
41.220: [GC (Allocation Failure)  72308K->30292K(129536K), 0.0011777 secs]
41.319: [GC (Allocation Failure)  71252K->30388K(137728K), 0.0014122 secs]
41.438: [GC (Allocation Failure)  79540K->29684K(135680K), 0.0008114 secs]
41.553: [GC (Allocation Failure)  77300K->29876K(135168K), 0.0007336 secs]
41.664: [GC (Allocation Failure)  75956K->29876K(132608K), 0.0008220 secs]
41.771: [GC (Allocation Failure)  74420K->30540K(132608K), 0.0012264 secs]
41.894: [GC (Allocation Failure)  74060K->30532K(131072K), 0.0012615 secs]
41.997: [GC (Allocation Failure)  73028K->30596K(130048K), 0.0013695 secs]
42.097: [GC (Allocation Failure)  72068K->29892K(151552K), 0.0006653 secs]
42.249: [GC (Allocation Failure)  93380K->29884K(150528K), 0.0005671 secs]
42.398: [GC (Allocation Failure)  91324K->30268K(147968K), 0.0008552 secs]
42.541: [GC (Allocation Failure)  89479K->30716K(145920K), 0.0013472 secs]
42.701: [GC (Allocation Failure)  88060K->30780K(143872K), 0.0013238 secs]
42.836: [GC (Allocation Failure)  86076K->30292K(141824K), 0.0008329 secs]
42.985: [GC (Allocation Failure)  84052K->30764K(140800K), 0.0011981 secs]
43.114: [GC (Allocation Failure)  82956K->30820K(139264K), 0.0012471 secs]
43.240: [GC (Allocation Failure)  81508K->30852K(137728K), 0.0012539 secs]
43.362: [GC (Allocation Failure)  80004K->30716K(136192K), 0.0011256 secs]
43.480: [GC (Allocation Failure)  78332K->30292K(134144K), 0.0008061 secs]
43.595: [GC (Allocation Failure)  76372K->30932K(133632K), 0.0012011 secs]
43.717: [GC (Allocation Failure)  75476K->30124K(131584K), 0.0006551 secs]
43.825: [GC (Allocation Failure)  73644K->30684K(131584K), 0.0011112 secs]
43.933: [GC (Allocation Failure)  73180K->30340K(129536K), 0.0012200 secs]
44.039: [GC (Allocation Failure)  71812K->30332K(145408K), 0.0006385 secs]
44.177: [GC (Allocation Failure)  86652K->30268K(142848K), 0.0006823 secs]
44.309: [GC (Allocation Failure)  85052K->31036K(142336K), 0.0012804 secs]
44.439: [GC (Allocation Failure)  84284K->30460K(139776K), 0.0009334 secs]
44.564: [GC (Allocation Failure)  82172K->30940K(139264K), 0.0013499 secs]
44.688: [GC (Allocation Failure)  81116K->31132K(137216K), 0.0014008 secs]
44.807: [GC (Allocation Failure)  79772K->31180K(135680K), 0.0013196 secs]
44.923: [GC (Allocation Failure)  78284K->31180K(134144K), 0.0013295 secs]
45.043: [GC (Allocation Failure)  76748K->30764K(132096K), 0.0010489 secs]
45.150: [GC (Allocation Failure)  74555K->31276K(131584K), 0.0012404 secs]
45.255: [GC (Allocation Failure)  74284K->31044K(130560K), 0.0012872 secs]
45.357: [GC (Allocation Failure)  73028K->31140K(129536K), 0.0010504 secs]
45.458: [GC (Allocation Failure)  72100K->31324K(137728K), 0.0012653 secs]
45.579: [GC (Allocation Failure)  80476K->30588K(135680K), 0.0007703 secs]
45.696: [GC (Allocation Failure)  78204K->30684K(135168K), 0.0006502 secs]
45.808: [GC (Allocation Failure)  76764K->30652K(132608K), 0.0006864 secs]
45.917: [GC (Allocation Failure)  75196K->31484K(132608K), 0.0013234 secs]
46.037: [GC (Allocation Failure)  75004K->31524K(131072K), 0.0018298 secs]
46.143: [GC (Allocation Failure)  74020K->31716K(136704K), 0.0014560 secs]
46.261: [GC (Allocation Failure)  79332K->31588K(140800K), 0.0015167 secs]
46.386: [GC (Allocation Failure)  82788K->30980K(137728K), 0.0008786 secs]
46.509: [GC (Allocation Failure)  80644K->31556K(136704K), 0.0013261 secs]
46.627: [GC (Allocation Failure)  79684K->30772K(134656K), 0.0007457 secs]
46.741: [GC (Allocation Failure)  77364K->30868K(133120K), 0.0006914 secs]
46.852: [GC (Allocation Failure)  75924K->30900K(133632K), 0.0006846 secs]
46.959: [GC (Allocation Failure)  74932K->31124K(131072K), 0.0008458 secs]
47.078: [GC (Allocation Failure)  74132K->31692K(130560K), 0.0010927 secs]
47.181: [GC (Allocation Failure)  73676K->31268K(129024K), 0.0009009 secs]
47.282: [GC (Allocation Failure)  72228K->31172K(133632K), 0.0007061 secs]
47.393: [GC (Allocation Failure)  75716K->31716K(132096K), 0.0012509 secs]
47.500: [GC (Allocation Failure)  75236K->31396K(130560K), 0.0008847 secs]
47.605: [GC (Allocation Failure)  73892K->31396K(129536K), 0.0008450 secs]
47.707: [GC (Allocation Failure)  72868K->31452K(131584K), 0.0008703 secs]
47.812: [GC (Allocation Failure)  73948K->31348K(129536K), 0.0009749 secs]
47.915: [GC (Allocation Failure)  72820K->31508K(130560K), 0.0008462 secs]
48.017: [GC (Allocation Failure)  72980K->31668K(129536K), 0.0011410 secs]
48.132: [GC (Allocation Failure)  72628K->31404K(129024K), 0.0008160 secs]
48.233: [GC (Allocation Failure)  72364K->32044K(129536K), 0.0011652 secs]
48.334: [GC (Allocation Failure)  72492K->31268K(129536K), 0.0005482 secs]
48.435: [GC (Allocation Failure)  71716K->31652K(129536K), 0.0009179 secs]
48.534: [GC (Allocation Failure)  72100K->31932K(129536K), 0.0012898 secs]
48.635: [GC (Allocation Failure)  72380K->32188K(129536K), 0.0013023 secs]
48.736: [GC (Allocation Failure)  72636K->32372K(129536K), 0.0014454 secs]
48.838: [GC (Allocation Failure)  72820K->31508K(135680K), 0.0007578 secs]
48.958: [GC (Allocation Failure)  79124K->31924K(135168K), 0.0011252 secs]
49.073: [GC (Allocation Failure)  78004K->32236K(133120K), 0.0013751 secs]
49.199: [GC (Allocation Failure)  76780K->32324K(132096K), 0.0012090 secs]
49.307: [GC (Allocation Failure)  75844K->31516K(130560K), 0.0007182 secs]
49.414: [GC (Allocation Failure)  74012K->32220K(130560K), 0.0010886 secs]
49.516: [GC (Allocation Failure)  73692K->31956K(133632K), 0.0007959 secs]
49.629: [GC (Allocation Failure)  77012K->32468K(132608K), 0.0013329 secs]
49.740: [GC (Allocation Failure)  76500K->31980K(131072K), 0.0011909 secs]
49.847: [GC (Allocation Failure)  74988K->31820K(131072K), 0.0008616 secs]
49.951: [GC (Allocation Failure)  73804K->31948K(129024K), 0.0010002 secs]
50.053: [GC (Allocation Failure)  72908K->32444K(131584K), 0.0010735 secs]
50.158: [GC (Allocation Failure)  74940K->31772K(129536K), 0.0006426 secs]
50.274: [GC (Allocation Failure)  73244K->32596K(130560K), 0.0011478 secs]
50.379: [GC (Allocation Failure)  74068K->32212K(129536K), 0.0009322 secs]
50.481: [GC (Allocation Failure)  73172K->32492K(129536K), 0.0011633 secs]
50.583: [GC (Allocation Failure)  73452K->32644K(129536K), 0.0011901 secs]
50.684: [GC (Allocation Failure)  73092K->32516K(129536K), 0.0010285 secs]
50.784: [GC (Allocation Failure)  72964K->32324K(129536K), 0.0010334 secs]
50.887: [GC (Allocation Failure)  72772K->32132K(129536K), 0.0007370 secs]
50.987: [GC (Allocation Failure)  72408K->32804K(129536K), 0.0013725 secs]
51.090: [GC (Allocation Failure)  73252K->32548K(129536K), 0.0009693 secs]
51.190: [GC (Allocation Failure)  72996K->32324K(129536K), 0.0009685 secs]
51.303: [GC (Allocation Failure)  72772K->32092K(129536K), 0.0006898 secs]
51.405: [GC (Allocation Failure)  72465K->32916K(129536K), 0.0011671 secs]
51.506: [GC (Allocation Failure)  73364K->32492K(129536K), 0.0008122 secs]
51.608: [GC (Allocation Failure)  72940K->32188K(129536K), 0.0006589 secs]
51.711: [GC (Allocation Failure)  72636K->32988K(129536K), 0.0011690 secs]
51.811: [GC (Allocation Failure)  73436K->32540K(129536K), 0.0009247 secs]
51.913: [GC (Allocation Failure)  72988K->32188K(129536K), 0.0006121 secs]
52.016: [GC (Allocation Failure)  72636K->32956K(129536K), 0.0012445 secs]
52.117: [GC (Allocation Failure)  73404K->32492K(129536K), 0.0007374 secs]
52.218: [GC (Allocation Failure)  72940K->33092K(129536K), 0.0013276 secs]
52.332: [GC (Allocation Failure)  73540K->32644K(129536K), 0.0007797 secs]
52.434: [GC (Allocation Failure)  73092K->33180K(129536K), 0.0013253 secs]
52.536: [GC (Allocation Failure)  73628K->32596K(129536K), 0.0008152 secs]
52.637: [GC (Allocation Failure)  73044K->33228K(129536K), 0.0011939 secs]
52.739: [GC (Allocation Failure)  73676K->32644K(129536K), 0.0007068 secs]
52.851: [GC (Allocation Failure)  73092K->33276K(129536K), 0.0012974 secs]
52.954: [GC (Allocation Failure)  73724K->32636K(129536K), 0.0006049 secs]
53.055: [GC (Allocation Failure)  73084K->33244K(129536K), 0.0010787 secs]
53.157: [GC (Allocation Failure)  73692K->32564K(129536K), 0.0005603 secs]
53.258: [GC (Allocation Failure)  73012K->33076K(129536K), 0.0009345 secs]
53.369: [GC (Allocation Failure)  73524K->33388K(129536K), 0.0011588 secs]
53.472: [GC (Allocation Failure)  73836K->32612K(129536K), 0.0005362 secs]
53.574: [GC (Allocation Failure)  73060K->33020K(129536K), 0.0008171 secs]
53.677: [GC (Allocation Failure)  73468K->33500K(129536K), 0.0018007 secs]
53.779: [GC (Allocation Failure)  73948K->32692K(129536K), 0.0005573 secs]
53.883: [GC (Allocation Failure)  73140K->33076K(129536K), 0.0008220 secs]
53.984: [GC (Allocation Failure)  73524K->33428K(129536K), 0.0010995 secs]
54.086: [GC (Allocation Failure)  73771K->33588K(129536K), 0.0012388 secs]
54.189: [GC (Allocation Failure)  74036K->33876K(129536K), 0.0015417 secs]
54.291: [GC (Allocation Failure)  74324K->33076K(137216K), 0.0009024 secs]
54.430: [GC (Allocation Failure)  81716K->33044K(135168K), 0.0007937 secs]
54.549: [GC (Allocation Failure)  80148K->32876K(133632K), 0.0006827 secs]
54.664: [GC (Allocation Failure)  78444K->33796K(132608K), 0.0013785 secs]
54.775: [GC (Allocation Failure)  77828K->33316K(131072K), 0.0008801 secs]
54.886: [GC (Allocation Failure)  76324K->33308K(131072K), 0.0008730 secs]
54.994: [GC (Allocation Failure)  75292K->33524K(129536K), 0.0009632 secs]
55.097: [GC (Allocation Failure)  74484K->34100K(134144K), 0.0014186 secs]
55.211: [GC (Allocation Failure)  79119K->33228K(132096K), 0.0008522 secs]
55.323: [GC (Allocation Failure)  77260K->33828K(132096K), 0.0011747 secs]
55.442: [GC (Allocation Failure)  76836K->33604K(130560K), 0.0010331 secs]
55.549: [GC (Allocation Failure)  75588K->33788K(129536K), 0.0010795 secs]
55.653: [GC (Allocation Failure)  74748K->34204K(132096K), 0.0013687 secs]
55.762: [GC (Allocation Failure)  77212K->34012K(130560K), 0.0012430 secs]
55.869: [GC (Allocation Failure)  75996K->34076K(129536K), 0.0011505 secs]
55.972: [GC (Allocation Failure)  75036K->33308K(130048K), 0.0006559 secs]
56.079: [GC (Allocation Failure)  75292K->33300K(130048K), 0.0005430 secs]
56.193: [GC (Allocation Failure)  74260K->33684K(129024K), 0.0010923 secs]
56.298: [GC (Allocation Failure)  74644K->34020K(129536K), 0.0011158 secs]
56.402: [GC (Allocation Failure)  74468K->33924K(129536K), 0.0009617 secs]
56.518: [GC (Allocation Failure)  74372K->33788K(129536K), 0.0007888 secs]
56.621: [GC (Allocation Failure)  74236K->33596K(129536K), 0.0006105 secs]
56.723: [GC (Allocation Failure)  74044K->33428K(129536K), 0.0007133 secs]
56.827: [GC (Allocation Failure)  73784K->34324K(129536K), 0.0012196 secs]
56.931: [GC (Allocation Failure)  74772K->34092K(129536K), 0.0011124 secs]
57.034: [GC (Allocation Failure)  74540K->33892K(129536K), 0.0008907 secs]
57.136: [GC (Allocation Failure)  74340K->33636K(129536K), 0.0006498 secs]
57.238: [GC (Allocation Failure)  74084K->34428K(129536K), 0.0013785 secs]
57.342: [GC (Allocation Failure)  74876K->34076K(129536K), 0.0009043 secs]
57.445: [GC (Allocation Failure)  74524K->33844K(129536K), 0.0008450 secs]
57.566: [GC (Allocation Failure)  74292K->34668K(129536K), 0.0016825 secs]
57.671: [GC (Allocation Failure)  75116K->34372K(129536K), 0.0012645 secs]
57.774: [GC (Allocation Failure)  74820K->34052K(135680K), 0.0008616 secs]
57.899: [GC (Allocation Failure)  81668K->34628K(135168K), 0.0013321 secs]
58.016: [GC (Allocation Failure)  80708K->33988K(132608K), 0.0007650 secs]
58.130: [GC (Allocation Failure)  78532K->34500K(132608K), 0.0010908 secs]
58.243: [GC (Allocation Failure)  78020K->34180K(130560K), 0.0008076 secs]
58.351: [GC (Allocation Failure)  76676K->34212K(130560K), 0.0007552 secs]
58.457: [GC (Allocation Failure)  75684K->34628K(133632K), 0.0012743 secs]
58.579: [GC (Allocation Failure)  79684K->34236K(132096K), 0.0012185 secs]
58.695: [GC (Allocation Failure)  78268K->34268K(131072K), 0.0008171 secs]
58.808: [GC (Allocation Failure)  77276K->34564K(131072K), 0.0017089 secs]
58.930: [GC (Allocation Failure)  76548K->34084K(129024K), 0.0010013 secs]
59.036: [GC (Allocation Failure)  75044K->35068K(131584K), 0.0014831 secs]
59.146: [GC (Allocation Failure)  77564K->34908K(131584K), 0.0011984 secs]
59.255: [GC (Allocation Failure)  77404K->34748K(131584K), 0.0012098 secs]
59.364: [GC (Allocation Failure)  77244K->34556K(130048K), 0.0009292 secs]
59.471: [GC (Allocation Failure)  76028K->34684K(139264K), 0.0010353 secs]
59.609: [GC (Allocation Failure)  85372K->35012K(139264K), 0.0019332 secs]
59.760: [GC (Allocation Failure)  85188K->35004K(137216K), 0.0013544 secs]
59.905: [GC (Allocation Failure)  83644K->34924K(135680K), 0.0015624 secs]
60.047: [GC (Allocation Failure)  82028K->34692K(134144K), 0.0011754 secs]
60.185: [GC (Allocation Failure)  80260K->34460K(132096K), 0.0009802 secs]
60.308: [GC (Allocation Failure)  78492K->35348K(132096K), 0.0014291 secs]
60.420: [GC (Allocation Failure)  78356K->35436K(136192K), 0.0015617 secs]
60.542: [GC (Allocation Failure)  82540K->35148K(134144K), 0.0013359 secs]
60.668: [GC (Allocation Failure)  80716K->34724K(132096K), 0.0009900 secs]
60.781: [GC (Allocation Failure)  78521K->35236K(132096K), 0.0011709 secs]
60.894: [GC (Allocation Failure)  78244K->35204K(130560K), 0.0011716 secs]
61.002: [GC (Allocation Failure)  77086K->35268K(129536K), 0.0012517 secs]
61.107: [GC (Allocation Failure)  76228K->34724K(131584K), 0.0008733 secs]
61.219: [GC (Allocation Failure)  78244K->35068K(131584K), 0.0009492 secs]
61.329: [GC (Allocation Failure)  77564K->34508K(129536K), 0.0006223 secs]
61.435: [GC (Allocation Failure)  75980K->35388K(131584K), 0.0011380 secs]
61.544: [GC (Allocation Failure)  77884K->34748K(129536K), 0.0007057 secs]
61.651: [GC (Allocation Failure)  76220K->35796K(129536K), 0.0016176 secs]
61.767: [GC (Allocation Failure)  76244K->34636K(127488K), 0.0006253 secs]
61.870: [GC (Allocation Failure)  74060K->35180K(129024K), 0.0009013 secs]
61.972: [GC (Allocation Failure)  74604K->35532K(129024K), 0.0011690 secs]
62.075: [GC (Allocation Failure)  74956K->34756K(129024K), 0.0005399 secs]
62.176: [GC (Allocation Failure)  74180K->35100K(129536K), 0.0008647 secs]
62.279: [GC (Allocation Failure)  75036K->34772K(129024K), 0.0005845 secs]
62.381: [GC (Allocation Failure)  74708K->35668K(128512K), 0.0011833 secs]
62.483: [GC (Allocation Failure)  75092K->35972K(129024K), 0.0014748 secs]
62.586: [GC (Allocation Failure)  75396K->35172K(129024K), 0.0009647 secs]
62.688: [GC (Allocation Failure)  74596K->35540K(129024K), 0.0010391 secs]
62.798: [GC (Allocation Failure)  74964K->35756K(129024K), 0.0012030 secs]
62.902: [GC (Allocation Failure)  75180K->36004K(129024K), 0.0013835 secs]
63.005: [GC (Allocation Failure)  75428K->35108K(134144K), 0.0007521 secs]
63.124: [GC (Allocation Failure)  81120K->35844K(134144K), 0.0013068 secs]
63.240: [GC (Allocation Failure)  80388K->35300K(131584K), 0.0008949 secs]
63.352: [GC (Allocation Failure)  78820K->35228K(132096K), 0.0006744 secs]
63.461: [GC (Allocation Failure)  77724K->35452K(130048K), 0.0009062 secs]
63.567: [GC (Allocation Failure)  76680K->35932K(129024K), 0.0012755 secs]
63.674: [GC (Allocation Failure)  76380K->35660K(131584K), 0.0011528 secs]
63.791: [GC (Allocation Failure)  78668K->36284K(132096K), 0.0018131 secs]
63.907: [GC (Allocation Failure)  79292K->35676K(130560K), 0.0010078 secs]
64.017: [GC (Allocation Failure)  77660K->35452K(129024K), 0.0008484 secs]
64.125: [GC (Allocation Failure)  76412K->35612K(138752K), 0.0010584 secs]
64.256: [GC (Allocation Failure)  85788K->35892K(137216K), 0.0011928 secs]
64.383: [GC (Allocation Failure)  84532K->36148K(135680K), 0.0014756 secs]
64.513: [GC (Allocation Failure)  83227K->36148K(134144K), 0.0012524 secs]
64.633: [GC (Allocation Failure)  81716K->36172K(132608K), 0.0012634 secs]
64.748: [GC (Allocation Failure)  80204K->36236K(131584K), 0.0012332 secs]
64.871: [GC (Allocation Failure)  79244K->35364K(130048K), 0.0006226 secs]
64.980: [GC (Allocation Failure)  77348K->36220K(130560K), 0.0011225 secs]
65.087: [GC (Allocation Failure)  77180K->36204K(134144K), 0.0011984 secs]
65.209: [GC (Allocation Failure)  81772K->36140K(132608K), 0.0011056 secs]
65.323: [GC (Allocation Failure)  80172K->36044K(131584K), 0.0011614 secs]
65.435: [GC (Allocation Failure)  79052K->36356K(130560K), 0.0014352 secs]
65.545: [GC (Allocation Failure)  78340K->35812K(129024K), 0.0009043 secs]
65.652: [GC (Allocation Failure)  76772K->35748K(132096K), 0.0006615 secs]
65.763: [GC (Allocation Failure)  78756K->36036K(130560K), 0.0009130 secs]
65.876: [GC (Allocation Failure)  77777K->36460K(129536K), 0.0019797 secs]
65.987: [GC (Allocation Failure)  77420K->36292K(130048K), 0.0010837 secs]
66.095: [GC (Allocation Failure)  77764K->36476K(130048K), 0.0012562 secs]
66.203: [GC (Allocation Failure)  77948K->36524K(130048K), 0.0012067 secs]
66.311: [GC (Allocation Failure)  77484K->36268K(129536K), 0.0010750 secs]
66.419: [GC (Allocation Failure)  77228K->35972K(129536K), 0.0008541 secs]
66.524: [GC (Allocation Failure)  76420K->36572K(129536K), 0.0012064 secs]
66.631: [GC (Allocation Failure)  77020K->35868K(129536K), 0.0005713 secs]
66.736: [GC (Allocation Failure)  76316K->36380K(129536K), 0.0010527 secs]
66.841: [GC (Allocation Failure)  76828K->36924K(129536K), 0.0015443 secs]
66.963: [GC (Allocation Failure)  77372K->36116K(129536K), 0.0007669 secs]
67.069: [GC (Allocation Failure)  76564K->36652K(129536K), 0.0011173 secs]
67.175: [GC (Allocation Failure)  77100K->37100K(129536K), 0.0014801 secs]
67.281: [GC (Allocation Failure)  77548K->36300K(135168K), 0.0009538 secs]
67.406: [GC (Allocation Failure)  83404K->37380K(136704K), 0.0017535 secs]
67.529: [GC (Allocation Failure)  84484K->36668K(146432K), 0.0011546 secs]
67.682: [GC (Allocation Failure)  93500K->36564K(143360K), 0.0010859 secs]
67.827: [GC (Allocation Failure)  91348K->36108K(141312K), 0.0006589 secs]
67.969: [GC (Allocation Failure)  89356K->36732K(141312K), 0.0017603 secs]
68.109: [GC (Allocation Failure)  88444K->36188K(138240K), 0.0006766 secs]
68.242: [GC (Allocation Failure)  86364K->36956K(138240K), 0.0012928 secs]
68.369: [GC (Allocation Failure)  85596K->36252K(135168K), 0.0008560 secs]
68.493: [GC (Allocation Failure)  83356K->36892K(135168K), 0.0011622 secs]
68.613: [GC (Allocation Failure)  82460K->36244K(132096K), 0.0006868 secs]
68.728: [GC (Allocation Failure)  80276K->36820K(132608K), 0.0010149 secs]
68.842: [GC (Allocation Failure)  79828K->36596K(130048K), 0.0010995 secs]
68.953: [GC (Allocation Failure)  78580K->36716K(130048K), 0.0008095 secs]
69.072: [GC (Allocation Failure)  77632K->37220K(138240K), 0.0012811 secs]
69.202: [GC (Allocation Failure)  86884K->37188K(136704K), 0.0012354 secs]
69.329: [GC (Allocation Failure)  85316K->37212K(135168K), 0.0012615 secs]
69.452: [GC (Allocation Failure)  83804K->37300K(133632K), 0.0011769 secs]
69.570: [GC (Allocation Failure)  82356K->37300K(132608K), 0.0012524 secs]
69.686: [GC (Allocation Failure)  81332K->37684K(136704K), 0.0016806 secs]
69.812: [GC (Allocation Failure)  85300K->37260K(142848K), 0.0013865 secs]
69.953: [GC (Allocation Failure)  90508K->37420K(140288K), 0.0014578 secs]
70.103: [GC (Allocation Failure)  89132K->37916K(141312K), 0.0016557 secs]
70.241: [GC (Allocation Failure)  90140K->37020K(139264K), 0.0009538 secs]
70.375: [GC (Allocation Failure)  87708K->37620K(138240K), 0.0012966 secs]
70.504: [GC (Allocation Failure)  86772K->37004K(135680K), 0.0010720 secs]
70.629: [GC (Allocation Failure)  84620K->37484K(134656K), 0.0013219 secs]
70.751: [GC (Allocation Failure)  83564K->36780K(132608K), 0.0007166 secs]
70.869: [GC (Allocation Failure)  81324K->37444K(132096K), 0.0012177 secs]
70.984: [GC (Allocation Failure)  80964K->37116K(130560K), 0.0009583 secs]
71.096: [GC (Allocation Failure)  79612K->37348K(130048K), 0.0016780 secs]
71.215: [GC (Allocation Failure)  78820K->38020K(135680K), 0.0018430 secs]
71.340: [GC (Allocation Failure)  84612K->37692K(139776K), 0.0015039 secs]
71.473: [GC (Allocation Failure)  87868K->37724K(139776K), 0.0013125 secs]
71.605: [GC (Allocation Failure)  87900K->37716K(150016K), 0.0014140 secs]
71.769: [GC (Allocation Failure)  98132K->37076K(146432K), 0.0007344 secs]
71.927: [GC (Allocation Failure)  95444K->37300K(144384K), 0.0010308 secs]
72.076: [GC (Allocation Failure)  93620K->37108K(144384K), 0.0007125 secs]
72.234: [GC (Allocation Failure)  91892K->38196K(142336K), 0.0015836 secs]
72.374: [GC (Allocation Failure)  91444K->37844K(140288K), 0.0012675 secs]
72.511: [GC (Allocation Failure)  89556K->37620K(138752K), 0.0012970 secs]
72.647: [GC (Allocation Failure)  87796K->37452K(136704K), 0.0010467 secs]
72.776: [GC (Allocation Failure)  86092K->37260K(135168K), 0.0008956 secs]
72.901: [GC (Allocation Failure)  84364K->38436K(135168K), 0.0018003 secs]
73.025: [GC (Allocation Failure)  83885K->37988K(132608K), 0.0012811 secs]
73.144: [GC (Allocation Failure)  82020K->37884K(131584K), 0.0011380 secs]
73.272: [GC (Allocation Failure)  80892K->38044K(130560K), 0.0014106 secs]
73.384: [GC (Allocation Failure)  80028K->37428K(129024K), 0.0007015 secs]
73.492: [GC (Allocation Failure)  78388K->37316K(128000K), 0.0006891 secs]
73.598: [GC (Allocation Failure)  77252K->37636K(137728K), 0.0007850 secs]
73.736: [GC (Allocation Failure)  85764K->38164K(135168K), 0.0013691 secs]
73.860: [GC (Allocation Failure)  84756K->37300K(133120K), 0.0005985 secs]
73.980: [GC (Allocation Failure)  82356K->37876K(132608K), 0.0012200 secs]
74.097: [GC (Allocation Failure)  81908K->37580K(131072K), 0.0007284 secs]
74.211: [GC (Allocation Failure)  80588K->37772K(130048K), 0.0008518 secs]
74.332: [GC (Allocation Failure)  79756K->38316K(130048K), 0.0011645 secs]
74.440: [GC (Allocation Failure)  79276K->37988K(133120K), 0.0009511 secs]
74.559: [GC (Allocation Failure)  82532K->38036K(132096K), 0.0011622 secs]
74.675: [GC (Allocation Failure)  81556K->38356K(131072K), 0.0013113 secs]
74.788: [GC (Allocation Failure)  80852K->37940K(129536K), 0.0009802 secs]
74.899: [GC (Allocation Failure)  79412K->37972K(130048K), 0.0009285 secs]
75.011: [GC (Allocation Failure)  79956K->38484K(130048K), 0.0013344 secs]
75.120: [GC (Allocation Failure)  79444K->38060K(130048K), 0.0011176 secs]
75.231: [GC (Allocation Failure)  79532K->38124K(130048K), 0.0010871 secs]
75.354: [GC (Allocation Failure)  79596K->38092K(129024K), 0.0008341 secs]
75.462: [GC (Allocation Failure)  78540K->38628K(129536K), 0.0011656 secs]
75.570: [GC (Allocation Failure)  79076K->39012K(129536K), 0.0016576 secs]
75.679: [GC (Allocation Failure)  79460K->38148K(129536K), 0.0008345 secs]
75.788: [GC (Allocation Failure)  78596K->38588K(129536K), 0.0011407 secs]
75.897: [GC (Allocation Failure)  79036K->38900K(129536K), 0.0013242 secs]
76.006: [GC (Allocation Failure)  79348K->37972K(128512K), 0.0005973 secs]
76.111: [GC (Allocation Failure)  77396K->38772K(129024K), 0.0011516 secs]
76.216: [GC (Allocation Failure)  78196K->38212K(129536K), 0.0009270 secs]
76.322: [GC (Allocation Failure)  78148K->38148K(129024K), 0.0006381 secs]
76.442: [GC (Allocation Failure)  78084K->38076K(129536K), 0.0005543 secs]
76.550: [GC (Allocation Failure)  78524K->38364K(129536K), 0.0007718 secs]
76.659: [GC (Allocation Failure)  78812K->38652K(129536K), 0.0009911 secs]
76.768: [GC (Allocation Failure)  79100K->38908K(129536K), 0.0013004 secs]
76.878: [GC (Allocation Failure)  79356K->39164K(128512K), 0.0014140 secs]
76.985: [GC (Allocation Failure)  78588K->38556K(129024K), 0.0010293 secs]
77.090: [GC (Allocation Failure)  77980K->39212K(129024K), 0.0016372 secs]
77.197: [GC (Allocation Failure)  79148K->39084K(129536K), 0.0013729 secs]
77.305: [GC (Allocation Failure)  79020K->38764K(137728K), 0.0011660 secs]
77.444: [GC (Allocation Failure)  86892K->38668K(135168K), 0.0009020 secs]
77.569: [GC (Allocation Failure)  85260K->38572K(133120K), 0.0008292 secs]
77.690: [GC (Allocation Failure)  83628K->38500K(133120K), 0.0006298 secs]
77.809: [GC (Allocation Failure)  82532K->38916K(131584K), 0.0010463 secs]
77.927: [GC (Allocation Failure)  81924K->38428K(130048K), 0.0005902 secs]
78.039: [GC (Allocation Failure)  80412K->38460K(129024K), 0.0006902 secs]
78.149: [GC (Allocation Failure)  79420K->38900K(133632K), 0.0009685 secs]
78.269: [GC (Allocation Failure)  83444K->39764K(132608K), 0.0016096 secs]
78.387: [GC (Allocation Failure)  83284K->39596K(131584K), 0.0014624 secs]
78.510: [GC (Allocation Failure)  82092K->38668K(129536K), 0.0007144 secs]
78.621: [GC (Allocation Failure)  80140K->39396K(130048K), 0.0013850 secs]
78.730: [GC (Allocation Failure)  79844K->39388K(129024K), 0.0015957 secs]
78.841: [GC (Allocation Failure)  79836K->39348K(130048K), 0.0014816 secs]
78.950: [GC (Allocation Failure)  79796K->39148K(138240K), 0.0013502 secs]
79.083: [GC (Allocation Failure)  87788K->39172K(138240K), 0.0011380 secs]
79.214: [GC (Allocation Failure)  87812K->39044K(135168K), 0.0010380 secs]
79.351: [GC (Allocation Failure)  86148K->39100K(134656K), 0.0009183 secs]
79.479: [GC (Allocation Failure)  84668K->39108K(143360K), 0.0025600 secs]
79.637: [GC (Allocation Failure)  93892K->38716K(141312K), 0.0005947 secs]
79.781: [GC (Allocation Failure)  91964K->39636K(140288K), 0.0017237 secs]
79.921: [GC (Allocation Failure)  91348K->39212K(138752K), 0.0009322 secs]
80.056: [GC (Allocation Failure)  89388K->38892K(136704K), 0.0007620 secs]
80.187: [GC (Allocation Failure)  87532K->40036K(136192K), 0.0016017 secs]
80.314: [GC (Allocation Failure)  87140K->39900K(134656K), 0.0014930 secs]
80.438: [GC (Allocation Failure)  85468K->39708K(132608K), 0.0013272 secs]
80.566: [GC (Allocation Failure)  83740K->39740K(131584K), 0.0013570 secs]
80.682: [GC (Allocation Failure)  82748K->40180K(140800K), 0.0016070 secs]
80.821: [GC (Allocation Failure)  91380K->39220K(137728K), 0.0008968 secs]
80.956: [GC (Allocation Failure)  88884K->39780K(137728K), 0.0011448 secs]
81.086: [GC (Allocation Failure)  87908K->40292K(135680K), 0.0015855 secs]
81.213: [GC (Allocation Failure)  86884K->39588K(133632K), 0.0010708 secs]
81.335: [GC (Allocation Failure)  84644K->40284K(133120K), 0.0015545 secs]
81.454: [GC (Allocation Failure)  84316K->39924K(131584K), 0.0013706 secs]
81.579: [GC (Allocation Failure)  82932K->40156K(136704K), 0.0022240 secs]
81.711: [GC (Allocation Failure)  87260K->39836K(136704K), 0.0011633 secs]
81.839: [GC (Allocation Failure)  86940K->39484K(133632K), 0.0009258 secs]
81.963: [GC (Allocation Failure)  85052K->40788K(144384K), 0.0017924 secs]
82.116: [GC (Allocation Failure)  95572K->39628K(141824K), 0.0009813 secs]
82.260: [GC (Allocation Failure)  92876K->40108K(140288K), 0.0012724 secs]
82.400: [GC (Allocation Failure)  91820K->39268K(138240K), 0.0007714 secs]
82.536: [GC (Allocation Failure)  89444K->40004K(138240K), 0.0011460 secs]
82.681: [GC (Allocation Failure)  88644K->39356K(135168K), 0.0008103 secs]
82.809: [GC (Allocation Failure)  86460K->40188K(135168K), 0.0012558 secs]
82.935: [GC (Allocation Failure)  85756K->39740K(132096K), 0.0009153 secs]
83.055: [GC (Allocation Failure)  83772K->40660K(132608K), 0.0015621 secs]
83.172: [GC (Allocation Failure)  83668K->40788K(131072K), 0.0016564 secs]
83.287: [GC (Allocation Failure)  82772K->39860K(129024K), 0.0009700 secs]
83.398: [GC (Allocation Failure)  80820K->39604K(128000K), 0.0008133 secs]
83.507: [GC (Allocation Failure)  79540K->39884K(135680K), 0.0008446 secs]
83.632: [GC (Allocation Failure)  85964K->39756K(132608K), 0.0007314 secs]
83.773: [GC (Allocation Failure)  84300K->39660K(133120K), 0.0006834 secs]
83.892: [GC (Allocation Failure)  83180K->39996K(130560K), 0.0009915 secs]
84.008: [GC (Allocation Failure)  82492K->40956K(131072K), 0.0016232 secs]
84.122: [GC (Allocation Failure)  82428K->41012K(129536K), 0.0017524 secs]
84.233: [GC (Allocation Failure)  81449K->40068K(130560K), 0.0009285 secs]
84.348: [GC (Allocation Failure)  82564K->40924K(130560K), 0.0015568 secs]
84.461: [GC (Allocation Failure)  81884K->40564K(128512K), 0.0013563 secs]
84.570: [GC (Allocation Failure)  80500K->40588K(129536K), 0.0013038 secs]
84.680: [GC (Allocation Failure)  80524K->40684K(129536K), 0.0011728 secs]
84.799: [GC (Allocation Failure)  80620K->40708K(137728K), 0.0013042 secs]
84.936: [GC (Allocation Failure)  88836K->40644K(135168K), 0.0012453 secs]
85.064: [GC (Allocation Failure)  87236K->40676K(133632K), 0.0012909 secs]
85.189: [GC (Allocation Failure)  85732K->40732K(132608K), 0.0012045 secs]
85.311: [GC (Allocation Failure)  84764K->39988K(131072K), 0.0006423 secs]
85.428: [GC (Allocation Failure)  82996K->41108K(131584K), 0.0013657 secs]
85.543: [GC (Allocation Failure)  83092K->40012K(129024K), 0.0007121 secs]
85.655: [GC (Allocation Failure)  80972K->40844K(129536K), 0.0011282 secs]
85.768: [GC (Allocation Failure)  80780K->40756K(132096K), 0.0019812 secs]
85.890: [GC (Allocation Failure)  83252K->41388K(132096K), 0.0016149 secs]
86.006: [GC (Allocation Failure)  83884K->40612K(140800K), 0.0010587 secs]
86.149: [GC (Allocation Failure)  91812K->40156K(137728K), 0.0007706 secs]
86.289: [GC (Allocation Failure)  89820K->41332K(137216K), 0.0016855 secs]
86.422: [GC (Allocation Failure)  89460K->40908K(135168K), 0.0011569 secs]
86.549: [GC (Allocation Failure)  87500K->40588K(133632K), 0.0009217 secs]
86.673: [GC (Allocation Failure)  85644K->40460K(132096K), 0.0008337 secs]
86.794: [GC (Allocation Failure)  84492K->40884K(131584K), 0.0018097 secs]
86.922: [GC (Allocation Failure)  83892K->40460K(130048K), 0.0008295 secs]
87.037: [GC (Allocation Failure)  82444K->40524K(129024K), 0.0008798 secs]
87.151: [GC (Allocation Failure)  81484K->41188K(129536K), 0.0013234 secs]
87.260: [GC (Allocation Failure)  81040K->40700K(130048K), 0.0012592 secs]
87.376: [GC (Allocation Failure)  82684K->40732K(130560K), 0.0008462 secs]
87.488: [GC (Allocation Failure)  81692K->41236K(131072K), 0.0011984 secs]
87.605: [GC (Allocation Failure)  83732K->41604K(130560K), 0.0014148 secs]
87.719: [GC (Allocation Failure)  83076K->41212K(129024K), 0.0011648 secs]
87.831: [GC (Allocation Failure)  81660K->41308K(129536K), 0.0013446 secs]
87.956: [GC (Allocation Failure)  82268K->41780K(130048K), 0.0015719 secs]
88.068: [GC (Allocation Failure)  82228K->41844K(130048K), 0.0016108 secs]
88.181: [GC (Allocation Failure)  82292K->40524K(135168K), 0.0005883 secs]
88.312: [GC (Allocation Failure)  87628K->42116K(136704K), 0.0018279 secs]
88.444: [GC (Allocation Failure)  89220K->42012K(146944K), 0.0017573 secs]
88.605: [GC (Allocation Failure)  98844K->41404K(146944K), 0.0013102 secs]
88.761: [GC (Allocation Failure)  98236K->40948K(142848K), 0.0008201 secs]
88.928: [GC (Allocation Failure)  95732K->41556K(143360K), 0.0013053 secs]
89.075: [GC (Allocation Failure)  94804K->40780K(139776K), 0.0007065 secs]
89.217: [GC (Allocation Failure)  92431K->41596K(139776K), 0.0012434 secs]
89.357: [GC (Allocation Failure)  91772K->40980K(136704K), 0.0007933 secs]
89.491: [GC (Allocation Failure)  89620K->42340K(136704K), 0.0020185 secs]
89.622: [GC (Allocation Failure)  89444K->41636K(134144K), 0.0013627 secs]
89.763: [GC (Allocation Failure)  87204K->41476K(134144K), 0.0012834 secs]
89.904: [GC (Allocation Failure)  85508K->41436K(131584K), 0.0011830 secs]
90.057: [GC (Allocation Failure)  84444K->41908K(131072K), 0.0015575 secs]
90.188: [GC (Allocation Failure)  83892K->41652K(129536K), 0.0013314 secs]
90.308: [GC (Allocation Failure)  82612K->41772K(128512K), 0.0012868 secs]
90.419: [GC (Allocation Failure)  81708K->41100K(146432K), 0.0007068 secs]
90.581: [GC (Allocation Failure)  99468K->41612K(145920K), 0.0011097 secs]
90.737: [GC (Allocation Failure)  97932K->41804K(143360K), 0.0011528 secs]
90.890: [GC (Allocation Failure)  96588K->42052K(142336K), 0.0014156 secs]
91.049: [GC (Allocation Failure)  95300K->41116K(139776K), 0.0006997 secs]
91.192: [GC (Allocation Failure)  92828K->41468K(139776K), 0.0009983 secs]
91.331: [GC (Allocation Failure)  91644K->41980K(137216K), 0.0013212 secs]
91.466: [GC (Allocation Failure)  90620K->41340K(135168K), 0.0006906 secs]
91.595: [GC (Allocation Failure)  88357K->42076K(134144K), 0.0012800 secs]
91.722: [GC (Allocation Failure)  87644K->41596K(132096K), 0.0009179 secs]
91.845: [GC (Allocation Failure)  85628K->41332K(131072K), 0.0007291 secs]
91.965: [GC (Allocation Failure)  84340K->41644K(131584K), 0.0008624 secs]
92.092: [GC (Allocation Failure)  83628K->42380K(130048K), 0.0014522 secs]
92.206: [GC (Allocation Failure)  83340K->42372K(129024K), 0.0013967 secs]
92.318: [GC (Allocation Failure)  82308K->41436K(136192K), 0.0008820 secs]
92.451: [GC (Allocation Failure)  89564K->41644K(136192K), 0.0008035 secs]
92.581: [GC (Allocation Failure)  88236K->41956K(133632K), 0.0011150 secs]
92.706: [GC (Allocation Failure)  87012K->42236K(132608K), 0.0012555 secs]
92.829: [GC (Allocation Failure)  86268K->41812K(131072K), 0.0009817 secs]
92.950: [GC (Allocation Failure)  84820K->41844K(131072K), 0.0008201 secs]
93.067: [GC (Allocation Failure)  83828K->42540K(130048K), 0.0013196 secs]
93.194: [GC (Allocation Failure)  83500K->42380K(128512K), 0.0014235 secs]
93.305: [GC (Allocation Failure)  82316K->42700K(132608K), 0.0014673 secs]
93.427: [GC (Allocation Failure)  86220K->41796K(130560K), 0.0008107 secs]
93.546: [GC (Allocation Failure)  84292K->42908K(130560K), 0.0016776 secs]
93.662: [GC (Allocation Failure)  84380K->41652K(128512K), 0.0006343 secs]
93.777: [GC (Allocation Failure)  82100K->42484K(128512K), 0.0013268 secs]
93.889: [GC (Allocation Failure)  82420K->42732K(129024K), 0.0013525 secs]
94.002: [GC (Allocation Failure)  82668K->42988K(129024K), 0.0015420 secs]
94.112: [GC (Allocation Failure)  82169K->42572K(129024K), 0.0012060 secs]
94.235: [GC (Allocation Failure)  81996K->42444K(135168K), 0.0011377 secs]
94.367: [GC (Allocation Failure)  89036K->42444K(133632K), 0.0011161 secs]
94.494: [GC (Allocation Failure)  87500K->42620K(132608K), 0.0014431 secs]
94.617: [GC (Allocation Failure)  86652K->41948K(131072K), 0.0007321 secs]
94.737: [GC (Allocation Failure)  84956K->43324K(131584K), 0.0017750 secs]
94.856: [GC (Allocation Failure)  85308K->42332K(129536K), 0.0009923 secs]
94.971: [GC (Allocation Failure)  83292K->41932K(128000K), 0.0006419 secs]
95.082: [GC (Allocation Failure)  81868K->42052K(131584K), 0.0006241 secs]
95.207: [GC (Allocation Failure)  83972K->42388K(129536K), 0.0008809 secs]
95.322: [GC (Allocation Failure)  83348K->43412K(129024K), 0.0017002 secs]
95.435: [GC (Allocation Failure)  83348K->42092K(128000K), 0.0006442 secs]
95.555: [GC (Allocation Failure)  81516K->43180K(129024K), 0.0013661 secs]
95.667: [GC (Allocation Failure)  82604K->42916K(129024K), 0.0012838 secs]
95.779: [GC (Allocation Failure)  82340K->42500K(129024K), 0.0008786 secs]
95.890: [GC (Allocation Failure)  81924K->42196K(129024K), 0.0005762 secs]
96.000: [GC (Allocation Failure)  81620K->43180K(129024K), 0.0013434 secs]
96.112: [GC (Allocation Failure)  82604K->42860K(129024K), 0.0010610 secs]
96.231: [GC (Allocation Failure)  82284K->42388K(129024K), 0.0011414 secs]
96.346: [GC (Allocation Failure)  81812K->43372K(129024K), 0.0013480 secs]
96.457: [GC (Allocation Failure)  82796K->42988K(129024K), 0.0011369 secs]
96.568: [GC (Allocation Failure)  82412K->42532K(129024K), 0.0008911 secs]
96.681: [GC (Allocation Failure)  81956K->43516K(129024K), 0.0016138 secs]
96.793: [GC (Allocation Failure)  82940K->43124K(137216K), 0.0013363 secs]
96.929: [GC (Allocation Failure)  90740K->43876K(137216K), 0.0018143 secs]
97.063: [GC (Allocation Failure)  91492K->42692K(134144K), 0.0009277 secs]
97.194: [GC (Allocation Failure)  88667K->43260K(134144K), 0.0013200 secs]
97.336: [GC (Allocation Failure)  87804K->42612K(131584K), 0.0007661 secs]
97.465: [GC (Allocation Failure)  86132K->42532K(132096K), 0.0006846 secs]
97.588: [GC (Allocation Failure)  85028K->43132K(130048K), 0.0013189 secs]
97.708: [GC (Allocation Failure)  84604K->42812K(128512K), 0.0011067 secs]
97.825: [GC (Allocation Failure)  83260K->43068K(140288K), 0.0013049 secs]
97.976: [GC (Allocation Failure)  94780K->42516K(138240K), 0.0006936 secs]
98.120: [GC (Allocation Failure)  92692K->43444K(137216K), 0.0015137 secs]
98.259: [GC (Allocation Failure)  92084K->43108K(135680K), 0.0010074 secs]
98.411: [GC (Allocation Failure)  90212K->43068K(134144K), 0.0009534 secs]
98.540: [GC (Allocation Failure)  88636K->43028K(132096K), 0.0008401 secs]
98.664: [GC (Allocation Failure)  87060K->43308K(131584K), 0.0011399 secs]
98.787: [GC (Allocation Failure)  86316K->42692K(130048K), 0.0005917 secs]
98.909: [GC (Allocation Failure)  84676K->44132K(130048K), 0.0015885 secs]
99.025: [GC (Allocation Failure)  85092K->43124K(128000K), 0.0010206 secs]
99.138: [GC (Allocation Failure)  83060K->42836K(132608K), 0.0007484 secs]
99.267: [GC (Allocation Failure)  87380K->43372K(133120K), 0.0009904 secs]
99.402: [GC (Allocation Failure)  86892K->43084K(130560K), 0.0007978 secs]
99.522: [GC (Allocation Failure)  85580K->43428K(130560K), 0.0009285 secs]
99.641: [GC (Allocation Failure)  84900K->42908K(131584K), 0.0006793 secs]
99.763: [GC (Allocation Failure)  86428K->43996K(131584K), 0.0014624 secs]
99.886: [GC (Allocation Failure)  86492K->44332K(130560K), 0.0016515 secs]
100.007: [GC (Allocation Failure)  85804K->43780K(129024K), 0.0012581 secs]
100.124: [GC (Allocation Failure)  84228K->43716K(129024K), 0.0014450 secs]
100.244: [GC (Allocation Failure)  84164K->43708K(129024K), 0.0012015 secs]
100.369: [GC (Allocation Failure)  84156K->43668K(128512K), 0.0010889 secs]
100.514: [GC (Allocation Failure)  83092K->44196K(129024K), 0.0013914 secs]
>>>>>>> 32CompareIOPerformance
